// Jest Snapshot v1, https://goo.gl/fbAQLP

exports[`CreateAccount should match snapshot 1`] = `
<form
  id="create-account-form"
  onSubmit={[Function]}
>
  <h3
    id="create-account-header"
  >
    Create An Account
  </h3>
  <label
    className="input-label"
  >
    Email
  </label>
  <input
    className="input-field"
    name="email"
    onChange={[Function]}
    type="email"
    value=""
  />
  <label
    className="input-label"
  >
    Password
  </label>
  <input
    className="input-field"
    name="password"
    onChange={[Function]}
    type="password"
    value=""
  />
  <label
    className="input-label"
  >
    Confirm Password
  </label>
  <input
    className="input-field"
    name="passwordConfirm"
    onChange={[Function]}
    type="password"
    value=""
  />
  <label
    className="input-label"
  >
    Phone Number
  </label>
  <input
    className="input-field"
    name="phone"
    onChange={[Function]}
    type="text"
    value=""
  />
  <label
    className="input-label"
  >
    Date of Birth
  </label>
  <input
    className="input-field"
    name="dob"
    onChange={[Function]}
    type="date"
    value=""
  />
  <label
    className="input-label"
  >
    Profile Picture
  </label>
  <input
    className="input-field"
    name="profile"
    onChange={[Function]}
    type="file"
  />
  <label
    className="input-label"
  >
    Address
  </label>
  <input
    className="input-field"
    name="address"
    onChange={[Function]}
    type="text"
    value=""
  />
  <section
    id="security-questions-container"
  >
    <label
      className="input-label"
    >
      Mothers Maiden Name?
    </label>
    <input
      className="input-field"
      name="securityOne"
      onChange={[Function]}
      type="text"
      value=""
    />
    <label
      className="input-label"
    >
      First Pet's Name?
    </label>
    <input
      className="input-field"
      name="securityTwo"
      onChange={[Function]}
      type="text"
      value=""
    />
    <label
      className="input-label"
    >
      Town where you grew up?
    </label>
    <input
      className="input-field"
      name="securityThree"
      onChange={[Function]}
      type="text"
      value=""
    />
  </section>
  <section
    className="form-btn-container"
  >
    <button
      className="form-btn"
      type="submit"
    >
      Submit
    </button>
    <button
      className="form-btn"
      onClick={[Function]}
    >
      Cancel
    </button>
  </section>
</form>
`;
